*****************************************************************
      SolidWorks 公司 - IGES 处理器状态报告
*****************************************************************
=================================================================
总信息
=================================================================
发送系统产品 I.D.  : 装配体1
接收系统产品 I.D.  : 装配体1
文件名称                    : E:\wuguohua\装配体1.IGS
发送系统              : SolidWorks 2011
预处理器版本         : SolidWorks 2011
文件生成日期          : 110624.105032
模型生成日期         : 110624.105032
单位                        : MM
模型空间比例            : 1
作者                       : zhuh
组织                 : 


=================================================================
实体处理信息
=================================================================


=================================================================
IGES 文件的精度分析：
=================================================================
  有效位数的最普遍的数:               2
  有效位数的最大数:                      4
  有效位数的平均数:                 2.9274
  与原点的最大距离:                           8160.02
  与原点的最小距离:                                 0
  有效位数的有效数:                    4


=================================================================
实体概要
=================================================================
-----------------------------------------------------------------
类型名称                                         记数转换
---- ----                                         ----- ---------
100  Arc                                           6828      6828
102  Composite curve                              10410     10410
110  Line                                         16561     16561
120  Surface of revolution                         1836      1836
124  Transformation matrix                         6334      6334
126  Rational B-spline curve                      20861     20861
128  Rational B-spline surface                     2250      2250
142  Curve on a parametric surface                 5205      5205
144  Trimmed parametric surface                    4086      4086
308  Subfigure definition                            82        82
314  Color definition                               352       352
408  Singular subfigure instance                    331       331
_________________________________________________________________


=================================================================
结果概要
=================================================================
SolidWorks 特征类型                记数
-----------------------                -----
实体特征165
曲面特征1
曲线/草图特征0
--------------------------------------------
开始时间:星期五, 六月 24, 2011 10:51:38
结束时间: 星期五, 六月 24, 2011 10:53:26
处理时间: 0 days, 00 hours, 01 mins, 48 secs
